<html>
<body>
<pre>
<h1>礦ision Build Log</h1>
<h2>Project:</h2>
C:\Users\yoccio\Documents\keil\3，标准例程-库函数版本\1、（德飞莱）Template工程模板\机器人源码_第二块\USER\Template.uvproj
Project File Date:  09/09/2016

<h2>Output:</h2>
Build target 'Template'
linking...
Program Size: Code=5908 RO-data=424 RW-data=164 ZI-data=1636  
FromELF: creating hex file...
"..\OBJ\Template.axf" - 0 Error(s), 0 Warning(s).
Load "..\\OBJ\\Template.axf" 
Erase Done.
Programming Done.
Verify OK.
Load "..\\OBJ\\Template.axf" 
Erase Done.
Programming Done.
Verify OK.
Error: Target DLL has been cancelled. Debugger aborted !
Load "..\\OBJ\\Template.axf" 
Erase Done.
Programming Done.
Verify OK.
Load "..\\OBJ\\Template.axf" 
Erase Done.
Programming Done.
Verify OK.
Error: Target DLL has been cancelled. Debugger aborted !
Load "..\\OBJ\\Template.axf" 
Erase Done.
Programming Done.
Verify OK.
Load "..\\OBJ\\Template.axf" 
Erase Done.
Programming Done.
Verify OK.
Error: Target DLL has been cancelled. Debugger aborted !
Error: Target DLL has been cancelled. Debugger aborted !
Load "..\\OBJ\\Template.axf" 
Erase Done.
Programming Done.
Verify OK.
Error: Target DLL has been cancelled. Debugger aborted !
Load "..\\OBJ\\Template.axf" 
Erase Done.
Programming Done.
Verify OK.
</pre>
</body>
</html>
